// Jest Snapshot v1, https://goo.gl/fbAQLP

exports[`Loader should throw error when taxonomy definition file is not found 1`] = `"Could not load taxonomy tree file: Error: ENOENT: no such file or directory, open '/Users/fabiofcferreira/code/personal/shopify-taxonomy-core/src/__tests__/definitions/de.json'"`;

exports[`Loader should throw error when taxonomy definition file schema is not unknown 1`] = `
"Could not load taxonomy tree file: [
  {
    "code": "invalid_type",
    "expected": "string",
    "received": "undefined",
    "path": [
      "version"
    ],
    "message": "Required"
  },
  {
    "code": "invalid_type",
    "expected": "array",
    "received": "undefined",
    "path": [
      "verticals"
    ],
    "message": "Required"
  }
]"
`;
